[boostifythemes.com/demo/html/ven/index.html]
[backblue.gif]
[fade.gif]
[index.html]
[boostifythemes.com/demo/html/ven/assets/styles/css/slick.css]
[boostifythemes.com/demo/html/ven/assets/styles/css/slick-theme.css]
[boostifythemes.com/demo/html/ven/assets/styles/css/animate.css]
[boostifythemes.com/demo/html/ven/assets/images/logo.png]
[boostifythemes.com/demo/html/ven/assets/styles/style.css]
[boostifythemes.com/demo/html/ven/index-2.html]
[boostifythemes.com/demo/html/ven/creative-agency.html]
[boostifythemes.com/demo/html/ven/portfolio.html]
[boostifythemes.com/demo/html/ven/portfolio-single.html]
[boostifythemes.com/demo/html/ven/speaker-1.html]
[boostifythemes.com/demo/html/ven/speaker-2.html]
[boostifythemes.com/demo/html/ven/blog-single.html]
[boostifythemes.com/demo/html/ven/blog.html]
[boostifythemes.com/demo/html/ven/venue.html]
[boostifythemes.com/demo/html/ven/schedule.html]
[boostifythemes.com/demo/html/ven/contact.html]
[boostifythemes.com/demo/html/ven/404.html]
[boostifythemes.com/demo/html/ven/assets/images/uploads/pagebanner/sign.png]
[boostifythemes.com/demo/html/ven/assets/images/uploads/pagebanner/sign2.png]
[boostifythemes.com/demo/html/ven/assets/images/uploads/experience/experience1.jpg]
[boostifythemes.com/demo/html/ven/assets/images/uploads/experience/experience2.jpg]
[boostifythemes.com/demo/html/ven/assets/images/uploads/experience/experience3.jpg]
[boostifythemes.com/demo/html/ven/assets/images/uploads/experience/experience4.jpg]
[boostifythemes.com/demo/html/ven/assets/images/uploads/experience/experience5.jpg]
[boostifythemes.com/demo/html/ven/assets/images/uploads/speaker/speakers_v23.jpg]
[boostifythemes.com/demo/html/ven/assets/images/uploads/speaker/speakers2.jpg]
[boostifythemes.com/demo/html/ven/assets/images/uploads/speaker/speakers3.jpg]
[boostifythemes.com/demo/html/ven/assets/images/uploads/speaker/speakers4.jpg]
[boostifythemes.com/demo/html/ven/assets/images/uploads/speaker/speakers_v26.jpg]
[boostifythemes.com/demo/html/ven/assets/images/uploads/speaker/speakers5.jpg]
[boostifythemes.com/demo/html/ven/assets/images/uploads/speaker/speakers6.jpg]
[boostifythemes.com/demo/html/ven/assets/images/uploads/speaker/speakers9.jpg]
[boostifythemes.com/demo/html/ven/assets/images/uploads/sponsor/sponsor1.png]
[boostifythemes.com/demo/html/ven/assets/images/uploads/sponsor/sponsor2.png]
[boostifythemes.com/demo/html/ven/assets/images/uploads/sponsor/sponsor3.png]
[boostifythemes.com/demo/html/ven/assets/images/uploads/sponsor/sponsor4.png]
[boostifythemes.com/demo/html/ven/assets/images/uploads/sponsor/sponsor5.png]
[boostifythemes.com/demo/html/ven/assets/images/uploads/sponsor/sponsor6.png]
[boostifythemes.com/demo/html/ven/assets/images/uploads/sponsor/sponsor7.png]
[boostifythemes.com/demo/html/ven/assets/images/uploads/sponsor/sponsor8.png]
[boostifythemes.com/demo/html/ven/assets/images/uploads/sponsor/sponsor9.png]
[boostifythemes.com/demo/html/ven/assets/images/uploads/sponsor/sponsor10.png]
[boostifythemes.com/demo/html/ven/assets/images/footer-face.png]
[boostifythemes.com/demo/html/ven/assets/images/footer-ins.png]
[boostifythemes.com/demo/html/ven/assets/images/footer-in.png]
[boostifythemes.com/demo/html/ven/assets/images/footer-twit.png]
[boostifythemes.com/demo/html/ven/assets/scripts/slick.min.js]
[boostifythemes.com/demo/html/ven/assets/scripts/isotope.pkgd.min.js]
[boostifythemes.com/demo/html/ven/assets/scripts/packery-mode.pkgd.min.js]
[boostifythemes.com/demo/html/ven/assets/scripts/cells-by-row.js]
[boostifythemes.com/demo/html/ven/assets/scripts/jquery-3.4.1.js]
[boostifythemes.com/demo/html/ven/assets/scripts/flickity.pkgd.min.js]
[boostifythemes.com/demo/html/ven/assets/scripts/anime.min.js]
[boostifythemes.com/demo/html/ven/assets/scripts/ScrollMagic.min.js]
[boostifythemes.com/demo/html/ven/assets/scripts/TimelineMax.min.js]
[boostifythemes.com/demo/html/ven/assets/scripts/animation.gsap.min.js]
[boostifythemes.com/demo/html/ven/assets/scripts/charming.min.js]
[boostifythemes.com/demo/html/ven/assets/scripts/wow.js]
[boostifythemes.com/demo/html/ven/assets/scripts/TweenMax.min.js]
[boostifythemes.com/demo/html/ven/assets/scripts/app.js]
[boostifythemes.com/demo/html/ven/index.html]
[boostifythemes.com/demo/html/ven/assets/styles/css/slick.css]
[boostifythemes.com/demo/html/ven/assets/styles/css/ajax-loader.gif]
[boostifythemes.com/demo/html/ven/assets/styles/css/slick-theme.css]
[boostifythemes.com/demo/html/ven/assets/styles/css/animate.css]
[boostifythemes.com/demo/html/ven/assets/styles/fonts/webfonts/fa-regular-400.eot]
[boostifythemes.com/demo/html/ven/assets/styles/fonts/webfonts/fa-regular-400d41d.eot]
[boostifythemes.com/demo/html/ven/assets/styles/fonts/webfonts/fa-regular-400.woff]
[boostifythemes.com/demo/html/ven/assets/styles/fonts/webfonts/fa-regular-400.ttf]
[boostifythemes.com/demo/html/ven/assets/styles/fonts/webfonts/fa-solid-900.eot]
[boostifythemes.com/demo/html/ven/assets/styles/fonts/webfonts/fa-solid-900d41d.eot]
[boostifythemes.com/demo/html/ven/assets/styles/fonts/webfonts/fa-regular-400.svg]
[boostifythemes.com/demo/html/ven/assets/styles/fonts/webfonts/fa-solid-900.woff2]
[boostifythemes.com/demo/html/ven/assets/styles/fonts/webfonts/fa-solid-900.woff]
[boostifythemes.com/demo/html/ven/assets/styles/fonts/webfonts/fa-solid-900.ttf]
[boostifythemes.com/demo/html/ven/assets/styles/fonts/webfonts/fa-brands-400.eot]
[boostifythemes.com/demo/html/ven/assets/styles/fonts/webfonts/fa-brands-400d41d.eot]
[boostifythemes.com/demo/html/ven/assets/styles/fonts/webfonts/fa-brands-400.woff2]
[boostifythemes.com/demo/html/ven/assets/styles/fonts/webfonts/fa-brands-400.woff]
[boostifythemes.com/demo/html/ven/assets/styles/fonts/webfonts/fa-brands-400.ttf]
[boostifythemes.com/demo/html/ven/assets/styles/fonts/webfonts/fa-solid-900.svg]
[boostifythemes.com/demo/html/ven/assets/styles/fonts/webfonts/fontawesome-webfont4a83.eot]
[boostifythemes.com/demo/html/ven/assets/styles/fonts/webfonts/fontawesome-webfontd41d.eot]
[boostifythemes.com/demo/html/ven/assets/styles/fonts/webfonts/fontawesome-webfont4a83.woff2]
[boostifythemes.com/demo/html/ven/assets/styles/fonts/webfonts/fontawesome-webfont4a83.woff]
[boostifythemes.com/demo/html/ven/assets/styles/fonts/webfonts/fa-brands-400.svg]
[boostifythemes.com/demo/html/ven/assets/styles/fonts/webfonts/fontawesome-webfont4a83.ttf]
[boostifythemes.com/demo/html/ven/assets/styles/fonts/montserrat/montserrat-v14-latin-200.eot]
[boostifythemes.com/demo/html/ven/assets/styles/fonts/montserrat/montserrat-v14-latin-200d41d.eot]
[boostifythemes.com/demo/html/ven/assets/styles/fonts/montserrat/montserrat-v14-latin-200.woff2]
[boostifythemes.com/demo/html/ven/assets/styles/fonts/montserrat/montserrat-v14-latin-200.woff]
[boostifythemes.com/demo/html/ven/assets/styles/fonts/montserrat/montserrat-v14-latin-200.ttf]
[boostifythemes.com/demo/html/ven/assets/styles/fonts/montserrat/montserrat-v14-latin-200.svg]
[boostifythemes.com/demo/html/ven/assets/styles/fonts/webfonts/fontawesome-webfont4a83.svg]
[boostifythemes.com/demo/html/ven/assets/styles/fonts/montserrat/montserrat-v14-latin-300.eot]
[boostifythemes.com/demo/html/ven/assets/styles/fonts/montserrat/montserrat-v14-latin-300d41d.eot]
[boostifythemes.com/demo/html/ven/assets/styles/fonts/montserrat/montserrat-v14-latin-300.woff2]
[boostifythemes.com/demo/html/ven/assets/styles/fonts/montserrat/montserrat-v14-latin-300.woff]
[boostifythemes.com/demo/html/ven/assets/styles/fonts/montserrat/montserrat-v14-latin-300.ttf]
[boostifythemes.com/demo/html/ven/assets/styles/fonts/montserrat/montserrat-v14-latin-300.svg]
[boostifythemes.com/demo/html/ven/assets/styles/fonts/montserrat/montserrat-v14-latin-regular.eot]
[boostifythemes.com/demo/html/ven/assets/styles/fonts/montserrat/montserrat-v14-latin-regulard41d.eot]
[boostifythemes.com/demo/html/ven/assets/styles/fonts/montserrat/montserrat-v14-latin-regular.woff2]
[boostifythemes.com/demo/html/ven/assets/styles/fonts/montserrat/montserrat-v14-latin-regular.woff]
[boostifythemes.com/demo/html/ven/assets/styles/fonts/montserrat/montserrat-v14-latin-regular.ttf]
[boostifythemes.com/demo/html/ven/assets/styles/fonts/montserrat/montserrat-v14-latin-regular.svg]
[boostifythemes.com/demo/html/ven/assets/styles/fonts/montserrat/montserrat-v14-latin-500.eot]
[boostifythemes.com/demo/html/ven/assets/styles/fonts/montserrat/montserrat-v14-latin-500d41d.eot]
[boostifythemes.com/demo/html/ven/assets/styles/fonts/montserrat/montserrat-v14-latin-500.woff2]
[boostifythemes.com/demo/html/ven/assets/styles/fonts/montserrat/montserrat-v14-latin-500.woff]
[boostifythemes.com/demo/html/ven/assets/styles/fonts/montserrat/montserrat-v14-latin-500.ttf]
[boostifythemes.com/demo/html/ven/assets/styles/fonts/montserrat/montserrat-v14-latin-600.eot]
[boostifythemes.com/demo/html/ven/assets/styles/fonts/montserrat/montserrat-v14-latin-600d41d.eot]
[boostifythemes.com/demo/html/ven/assets/styles/fonts/montserrat/montserrat-v14-latin-600.woff2]
[boostifythemes.com/demo/html/ven/assets/styles/fonts/montserrat/montserrat-v14-latin-600.woff]
[boostifythemes.com/demo/html/ven/assets/styles/fonts/montserrat/montserrat-v14-latin-600.ttf]
[boostifythemes.com/demo/html/ven/assets/styles/fonts/montserrat/montserrat-v14-latin-600.svg]
[boostifythemes.com/demo/html/ven/assets/styles/fonts/montserrat/montserrat-v14-latin-700.eot]
[boostifythemes.com/demo/html/ven/assets/styles/fonts/montserrat/montserrat-v14-latin-700d41d.eot]
[boostifythemes.com/demo/html/ven/assets/styles/fonts/montserrat/montserrat-v14-latin-700.woff2]
[boostifythemes.com/demo/html/ven/assets/styles/fonts/montserrat/montserrat-v14-latin-700.woff]
[boostifythemes.com/demo/html/ven/assets/styles/fonts/montserrat/montserrat-v14-latin-700.ttf]
[boostifythemes.com/demo/html/ven/assets/styles/fonts/montserrat/montserrat-v14-latin-700.svg]
[boostifythemes.com/demo/html/ven/assets/styles/fonts/montserrat/montserrat-v14-latin-800.eot]
[boostifythemes.com/demo/html/ven/assets/styles/fonts/montserrat/montserrat-v14-latin-800d41d.eot]
[boostifythemes.com/demo/html/ven/assets/styles/fonts/montserrat/montserrat-v14-latin-800.woff2]
[boostifythemes.com/demo/html/ven/assets/styles/fonts/montserrat/montserrat-v14-latin-800.woff]
[boostifythemes.com/demo/html/ven/assets/styles/fonts/montserrat/montserrat-v14-latin-800.ttf]
[boostifythemes.com/demo/html/ven/assets/styles/fonts/montserrat/montserrat-v14-latin-800.svg]
[boostifythemes.com/demo/html/ven/assets/styles/fonts/montserrat/montserrat-v14-latin-900.eot]
[boostifythemes.com/demo/html/ven/assets/styles/fonts/montserrat/montserrat-v14-latin-900d41d.eot]
[boostifythemes.com/demo/html/ven/assets/styles/fonts/montserrat/montserrat-v14-latin-900.woff2]
[boostifythemes.com/demo/html/ven/assets/styles/fonts/montserrat/montserrat-v14-latin-900.woff]
[boostifythemes.com/demo/html/ven/assets/styles/fonts/montserrat/montserrat-v14-latin-900.ttf]
[boostifythemes.com/demo/html/ven/assets/styles/fonts/montserrat/montserrat-v14-latin-900.svg]
[boostifythemes.com/demo/html/ven/assets/styles/fonts/josefin/josefin-sans-v14-latin-300.eot]
[boostifythemes.com/demo/html/ven/assets/styles/fonts/josefin/josefin-sans-v14-latin-300d41d.eot]
[boostifythemes.com/demo/html/ven/assets/styles/fonts/josefin/josefin-sans-v14-latin-300.woff2]
[boostifythemes.com/demo/html/ven/assets/styles/fonts/josefin/josefin-sans-v14-latin-300.woff]
[boostifythemes.com/demo/html/ven/assets/styles/fonts/josefin/josefin-sans-v14-latin-300.ttf]
[boostifythemes.com/demo/html/ven/assets/styles/fonts/josefin/josefin-sans-v14-latin-300.svg]
[boostifythemes.com/demo/html/ven/assets/styles/fonts/josefin/josefin-sans-v14-latin-100.eot]
[boostifythemes.com/demo/html/ven/assets/styles/fonts/josefin/josefin-sans-v14-latin-100d41d.eot]
[boostifythemes.com/demo/html/ven/assets/styles/fonts/josefin/josefin-sans-v14-latin-100.woff2]
[boostifythemes.com/demo/html/ven/assets/styles/fonts/josefin/josefin-sans-v14-latin-100.woff]
[boostifythemes.com/demo/html/ven/assets/styles/fonts/josefin/josefin-sans-v14-latin-100.ttf]
[boostifythemes.com/demo/html/ven/assets/styles/fonts/josefin/josefin-sans-v14-latin-100.svg]
[boostifythemes.com/demo/html/ven/assets/styles/fonts/josefin/josefin-sans-v14-latin-regular.eot]
[boostifythemes.com/demo/html/ven/assets/styles/fonts/josefin/josefin-sans-v14-latin-regulard41d.eot]
[boostifythemes.com/demo/html/ven/assets/styles/fonts/josefin/josefin-sans-v14-latin-regular.woff2]
[boostifythemes.com/demo/html/ven/assets/styles/fonts/josefin/josefin-sans-v14-latin-regular.woff]
[boostifythemes.com/demo/html/ven/assets/styles/fonts/josefin/josefin-sans-v14-latin-regular.ttf]
[boostifythemes.com/demo/html/ven/assets/styles/fonts/josefin/josefin-sans-v14-latin-regular.svg]
[boostifythemes.com/demo/html/ven/assets/styles/fonts/josefin/josefin-sans-v14-latin-600.eot]
[boostifythemes.com/demo/html/ven/assets/styles/fonts/josefin/josefin-sans-v14-latin-600d41d.eot]
[boostifythemes.com/demo/html/ven/assets/styles/fonts/josefin/josefin-sans-v14-latin-600.woff2]
[boostifythemes.com/demo/html/ven/assets/styles/fonts/josefin/josefin-sans-v14-latin-600.woff]
[boostifythemes.com/demo/html/ven/assets/styles/fonts/josefin/josefin-sans-v14-latin-600.ttf]
[boostifythemes.com/demo/html/ven/assets/styles/fonts/josefin/josefin-sans-v14-latin-600.svg]
[boostifythemes.com/demo/html/ven/assets/styles/fonts/josefin/josefin-sans-v14-latin-700.eot]
[boostifythemes.com/demo/html/ven/assets/styles/fonts/josefin/josefin-sans-v14-latin-700d41d.eot]
[boostifythemes.com/demo/html/ven/assets/styles/fonts/josefin/josefin-sans-v14-latin-700.woff2]
[boostifythemes.com/demo/html/ven/assets/styles/fonts/josefin/josefin-sans-v14-latin-700.woff]
[boostifythemes.com/demo/html/ven/assets/styles/fonts/josefin/josefin-sans-v14-latin-700.ttf]
[boostifythemes.com/demo/html/ven/assets/styles/fonts/josefin/josefin-sans-v14-latin-700.svg]
[boostifythemes.com/demo/html/ven/assets/styles/fonts/acme/acme-v9-latin-regular.eot]
[boostifythemes.com/demo/html/ven/assets/styles/fonts/acme/acme-v9-latin-regulard41d.eot]
[boostifythemes.com/demo/html/ven/assets/styles/fonts/acme/acme-v9-latin-regular.woff2]
[boostifythemes.com/demo/html/ven/assets/styles/fonts/acme/acme-v9-latin-regular.woff]
[boostifythemes.com/demo/html/ven/assets/styles/fonts/acme/acme-v9-latin-regular.ttf]
[boostifythemes.com/demo/html/ven/assets/styles/fonts/acme/acme-v9-latin-regular.svg]
[boostifythemes.com/demo/html/ven/assets/styles/fonts/Lato/lato-v15-latin-regular.eot]
[boostifythemes.com/demo/html/ven/assets/styles/fonts/Lato/lato-v15-latin-regular.woff2]
[boostifythemes.com/demo/html/ven/assets/styles/fonts/Lato/lato-v15-latin-regular.woff]
[boostifythemes.com/demo/html/ven/assets/styles/fonts/Lato/lato-v15-latin-regular.ttf]
[boostifythemes.com/demo/html/ven/assets/styles/fonts/Lato/lato-v15-latin-700.eot]
[boostifythemes.com/demo/html/ven/assets/styles/fonts/Lato/lato-v15-latin-regular.svg]
[boostifythemes.com/demo/html/ven/assets/styles/fontsLato/lato-v15-latin-700.b3.delayed]
[boostifythemes.com/demo/html/ven/assets/styles/fonts/Lato/lato-v15-latin-700.ttf]
[boostifythemes.com/demo/html/ven/assets/styles/fonts/Lato/lato-v15-latin-300.eot]
[boostifythemes.com/demo/html/ven/assets/styles/fonts/Lato/lato-v15-latin-700.svg]
[boostifythemes.com/demo/html/ven/assets/styles/fonts/Lato/lato-v15-latin-300.ttf]
[boostifythemes.com/demo/html/ven/assets/styles/fonts/Lato/lato-v15-latin-900.eot]
[boostifythemes.com/demo/html/ven/assets/styles/fonts/Lato/lato-v15-latin-900.woff]
[boostifythemes.com/demo/html/ven/assets/styles/fonts/Lato/lato-v15-latin-300.svg]
[boostifythemes.com/demo/html/ven/assets/styles/fontsLato/lato-v15-latin-900.woff2]
[boostifythemes.com/demo/html/ven/assets/styles/fonts/Lato/lato-v15-latin-900.ttf]
[boostifythemes.com/demo/html/ven/assets/styles/fonts/myriad/MyriadProBlackSemiExtended.ttf]
[boostifythemes.com/demo/html/ven/assets/images/pagebannerBrg.jpg]
[boostifythemes.com/demo/html/ven/assets/images/uploads/pagebanner/pagebanner2-1.jpg]
[boostifythemes.com/demo/html/ven/assets/styles/fonts/Lato/lato-v15-latin-900.svg]
[boostifythemes.com/demo/html/ven/assets/images/uploads/pagebanner/textbrg.jpg]
[boostifythemes.com/demo/html/ven/assets/images/uploads/pagebanner/pagebanner2-2.jpg]
[boostifythemes.com/demo/html/ven/assets/images/uploads/pagebanner/textbrg2.jpg]
[boostifythemes.com/demo/html/ven/assets/images/uploads/pagebanner/pagebanner2-3.jpg]
[boostifythemes.com/demo/html/ven/assets/images/uploads/pagebanner/creative-agency.jpg]
[boostifythemes.com/demo/html/ven/assets/images/break-time1.png]
[boostifythemes.com/demo/html/ven/assets/images/break-time2.png]
[boostifythemes.com/demo/html/ven/assets/images/uploads/testi/testi-bg.jpg]
[boostifythemes.com/demo/html/ven/assets/styles/style.css]
[boostifythemes.com/demo/html/ven/assets/images/uploads/porfolio/porfolio7.jpg]
[boostifythemes.com/demo/html/ven/assets/images/uploads/porfolio/porfolio8.jpg]
[boostifythemes.com/demo/html/ven/assets/images/uploads/porfolio/porfolio9.jpg]
[boostifythemes.com/demo/html/ven/assets/images/uploads/porfolio/porfolio1.jpg]
[boostifythemes.com/demo/html/ven/assets/images/uploads/porfolio/porfolio10.jpg]
[boostifythemes.com/demo/html/ven/assets/images/uploads/porfolio/porfolio11.jpg]
[boostifythemes.com/demo/html/ven/assets/images/uploads/porfolio/porfolio6.jpg]
[boostifythemes.com/demo/html/ven/assets/images/uploads/porfolio/porfolio5.jpg]
[boostifythemes.com/demo/html/ven/assets/images/uploads/porfolio/porfolio12.jpg]
[boostifythemes.com/demo/html/ven/assets/images/quote.png]
[boostifythemes.com/demo/html/ven/index-2.html]
[boostifythemes.com/demo/html/ven/assets/images/uploads/porfolio/porfolio2.jpg]
[boostifythemes.com/demo/html/ven/assets/images/uploads/porfolio/porfolio3.jpg]
[boostifythemes.com/demo/html/ven/assets/images/uploads/porfolio/porfolio4.jpg]
[boostifythemes.com/demo/html/ven/assets/images/uploads/videopopup.jpg]
[boostifythemes.com/demo/html/ven/assets/images/videoBtn.png]
[boostifythemes.com/demo/html/ven/assets/images/uploads/testi/testi-1.jpg]
[boostifythemes.com/demo/html/ven/assets/images/uploads/testi/testi-2.jpg]
[boostifythemes.com/demo/html/ven/creative-agency.html]
[boostifythemes.com/demo/html/ven/assets/images/uploads/porfolio/porfolio13.jpg]
[boostifythemes.com/demo/html/ven/assets/images/uploads/porfolio/porfolio14.jpg]
[boostifythemes.com/demo/html/ven/portfolio.html]
[boostifythemes.com/demo/html/ven/assets/images/uploads/porfolio/portfolio_single1.jpg]
[boostifythemes.com/demo/html/ven/assets/images/uploads/porfolio/portfolio_single2.jpg]
[boostifythemes.com/demo/html/ven/assets/images/uploads/porfolio/portfolio_single3.jpg]
[boostifythemes.com/demo/html/ven/portfolio-single.html]
[boostifythemes.com/demo/html/ven/assets/images/uploads/speaker/speakers1.jpg]
[boostifythemes.com/demo/html/ven/assets/images/uploads/speaker/speakers8.jpg]
[boostifythemes.com/demo/html/ven/assets/images/uploads/speaker/speakers7.jpg]
[boostifythemes.com/demo/html/ven/assets/images/uploads/speaker/speakers10.jpg]
[boostifythemes.com/demo/html/ven/assets/images/uploads/speaker/speakers11.jpg]
[boostifythemes.com/demo/html/ven/assets/images/uploads/speaker/speakers12.jpg]
[boostifythemes.com/demo/html/ven/assets/images/uploads/speaker/speakers13.jpg]
[boostifythemes.com/demo/html/ven/assets/images/uploads/speaker/speakers14.jpg]
[boostifythemes.com/demo/html/ven/speaker-1.html]
[boostifythemes.com/demo/html/ven/assets/images/uploads/speaker/speakers_v21.jpg]
[boostifythemes.com/demo/html/ven/assets/images/uploads/speaker/speakers_v22.jpg]
[boostifythemes.com/demo/html/ven/assets/images/uploads/speaker/speakers_v24.jpg]
[boostifythemes.com/demo/html/ven/assets/images/uploads/speaker/speakers_v25.jpg]
[boostifythemes.com/demo/html/ven/speaker-2.html]
[boostifythemes.com/demo/html/ven/assets/images/uploads/blog/blogthumb88.jpg]
[boostifythemes.com/demo/html/ven/assets/images/uploads/blog/witter.png]
[boostifythemes.com/demo/html/ven/assets/images/uploads/comment/comment1.png]
[boostifythemes.com/demo/html/ven/assets/images/uploads/comment/comment2.png]
[boostifythemes.com/demo/html/ven/blog-single.html]
[boostifythemes.com/demo/html/ven/assets/images/uploads/blog/blogthumb1.jpg]
[boostifythemes.com/demo/html/ven/assets/images/uploads/blog/blogthumb2.jpg]
[boostifythemes.com/demo/html/ven/assets/images/uploads/blog/blogthumb3.jpg]
[boostifythemes.com/demo/html/ven/assets/images/uploads/blog/blogthumb4.jpg]
[boostifythemes.com/demo/html/ven/assets/images/uploads/blog/blogthumb5.jpg]
[boostifythemes.com/demo/html/ven/assets/images/uploads/blog/blogthumb6.jpg]
[boostifythemes.com/demo/html/ven/assets/images/uploads/blog/blogthumb7.jpg]
[boostifythemes.com/demo/html/ven/assets/images/uploads/blog/blogthumb8.jpg]
[boostifythemes.com/demo/html/ven/blog.html]
[boostifythemes.com/demo/html/ven/assets/images/uploads/venue/footage.jpg]
[boostifythemes.com/demo/html/ven/assets/images/uploads/venue/venue1.jpg]
[boostifythemes.com/demo/html/ven/assets/images/uploads/venue/venue2.jpg]
[boostifythemes.com/demo/html/ven/assets/images/uploads/venue/venue4.jpg]
[boostifythemes.com/demo/html/ven/venue.html]
[boostifythemes.com/demo/html/ven/assets/images/uploads/schedule/schedule1.png]
[boostifythemes.com/demo/html/ven/assets/images/uploads/schedule/schedule2.png]
[boostifythemes.com/demo/html/ven/assets/images/uploads/schedule/schedule3.png]
[boostifythemes.com/demo/html/ven/assets/images/uploads/schedule/schedule4.png]
[boostifythemes.com/demo/html/ven/assets/images/uploads/schedule/schedule5.png]
[boostifythemes.com/demo/html/ven/schedule.html]
[boostifythemes.com/demo/html/ven/assets/images/Contact-address.png]
[boostifythemes.com/demo/html/ven/assets/images/Contact-phone.png]
[boostifythemes.com/demo/html/ven/contact.html]
[boostifythemes.com/demo/html/ven/404.html]
[boostifythemes.com/demo/html/ven/assets/images/uploads/pagebanner/human.jpg]
[boostifythemes.com/demo/html/ven/assets/styles/fonts/webfonts/fa-regular-400.svg]
[boostifythemes.com/demo/html/ven/assets/styles/fonts/webfonts/fa-regular-400.woff2]
[boostifythemes.com/demo/html/ven/assets/scripts/lightbox.js]
[boostifythemes.com/demo/html/ven/assets/styles/fonts/webfonts/fa-solid-900.svg]
[boostifythemes.com/demo/html/ven/assets/styles/fonts/webfonts/fa-brands-400.svg]
[boostifythemes.com/demo/html/ven/assets/styles/fonts/webfonts/fontawesome-webfont4a83.svg]
[boostifythemes.com/demo/html/ven/assets/styles/fonts/montserrat/montserrat-v14-latin-200.svg]
[boostifythemes.com/demo/html/ven/assets/styles/fonts/montserrat/montserrat-v14-latin-300.svg]
[boostifythemes.com/demo/html/ven/assets/styles/fonts/montserrat/montserrat-v14-latin-regular.svg]
[boostifythemes.com/demo/html/ven/assets/styles/fonts/montserrat/montserrat-v14-latin-600.svg]
[boostifythemes.com/demo/html/ven/assets/styles/fonts/montserrat/montserrat-v14-latin-700.svg]
[boostifythemes.com/demo/html/ven/assets/styles/fonts/montserrat/montserrat-v14-latin-800.svg]
[boostifythemes.com/demo/html/ven/assets/styles/fonts/montserrat/montserrat-v14-latin-900.svg]
[boostifythemes.com/demo/html/ven/assets/styles/fonts/josefin/josefin-sans-v14-latin-300.svg]
[boostifythemes.com/demo/html/ven/assets/styles/fonts/josefin/josefin-sans-v14-latin-100.svg]
[boostifythemes.com/demo/html/ven/assets/styles/fonts/josefin/josefin-sans-v14-latin-regular.svg]
[boostifythemes.com/demo/html/ven/assets/styles/fonts/josefin/josefin-sans-v14-latin-600.svg]
[boostifythemes.com/demo/html/ven/assets/styles/fonts/josefin/josefin-sans-v14-latin-700.svg]
[boostifythemes.com/demo/html/ven/assets/styles/fonts/acme/acme-v9-latin-regular.svg]
[boostifythemes.com/demo/html/ven/assets/styles/fonts/montserrat/montserrat-v14-latin-500.svg]
[boostifythemes.com/demo/html/ven/assets/styles/fonts/Lato/lato-v15-latin-regular.svg]
[boostifythemes.com/demo/html/ven/assets/styles/fontsLato/lato-v15-latin-700.html]
[boostifythemes.com/demo/html/ven/assets/styles/fonts/Lato/lato-v15-latin-700.svg]
[boostifythemes.com/demo/html/ven/assets/styles/fonts/Lato/lato-v15-latin-300.svg]
[boostifythemes.com/demo/html/ven/assets/styles/fontsLato/lato-v15-latin-900.html]
[boostifythemes.com/demo/html/ven/assets/styles/fonts/Lato/lato-v15-latin-900.svg]
[boostifythemes.com/demo/html/ven/assets/styles/fonts/Lato/lato-v15-latin-700.woff]
[boostifythemes.com/demo/html/ven/assets/styles/fonts/montserrat/montserrat-v14-latin-500.svg]
[boostifythemes.com/demo/html/ven/assets/styles/fonts/Lato/lato-v15-latin-300.woff2]
[boostifythemes.com/demo/html/ven/assets/images/Contact-mail.png]
[boostifythemes.com/demo/html/ven/assets/images/uploads/venue/venue3.jpg]
[boostifythemes.com/demo/html/ven/assets/images/uploads/blog/blog_single1.jpg]
[boostifythemes.com/demo/html/ven/assets/images/uploads/pagebanner/home-portfolio.jpg]
